mode: set
sereni-storage-provider/internal/api/handlers/health_handler.go:14.72,18.2 1 1
sereni-storage-provider/internal/api/handlers/health_handler.go:28.48,29.67 1 1
sereni-storage-provider/internal/api/handlers/health_handler.go:29.67,35.3 2 1
sereni-storage-provider/internal/api/handlers/health_handler.go:36.2,38.4 1 1
sereni-storage-provider/internal/api/handlers/storage_handler.go:22.113,24.28 2 1
sereni-storage-provider/internal/api/handlers/storage_handler.go:24.28,26.3 1 1
sereni-storage-provider/internal/api/handlers/storage_handler.go:27.2,31.3 1 1
sereni-storage-provider/internal/api/handlers/storage_handler.go:45.49,47.16 2 1
sereni-storage-provider/internal/api/handlers/storage_handler.go:47.16,50.3 2 1
sereni-storage-provider/internal/api/handlers/storage_handler.go:52.2,52.56 1 1
sereni-storage-provider/internal/api/handlers/storage_handler.go:52.56,55.3 2 1
sereni-storage-provider/internal/api/handlers/storage_handler.go:57.2,61.16 4 1
sereni-storage-provider/internal/api/handlers/storage_handler.go:61.16,64.3 2 0
sereni-storage-provider/internal/api/handlers/storage_handler.go:65.2,68.16 3 1
sereni-storage-provider/internal/api/handlers/storage_handler.go:68.16,71.3 2 1
sereni-storage-provider/internal/api/handlers/storage_handler.go:73.2,74.16 2 1
sereni-storage-provider/internal/api/handlers/storage_handler.go:74.16,77.3 2 0
sereni-storage-provider/internal/api/handlers/storage_handler.go:79.2,83.4 1 1
sereni-storage-provider/internal/api/handlers/storage_handler.go:87.54,88.37 1 1
sereni-storage-provider/internal/api/handlers/storage_handler.go:88.37,90.3 1 0
sereni-storage-provider/internal/api/handlers/storage_handler.go:91.2,91.38 1 1
sereni-storage-provider/internal/api/handlers/storage_handler.go:95.103,100.56 5 1
sereni-storage-provider/internal/api/handlers/storage_handler.go:100.56,102.3 1 1
sereni-storage-provider/internal/api/handlers/storage_handler.go:103.2,103.28 1 1
sereni-storage-provider/internal/api/handlers/storage_handler.go:103.28,105.3 1 0
sereni-storage-provider/internal/api/handlers/storage_handler.go:106.2,106.50 1 1
sereni-storage-provider/internal/api/handlers/storage_handler.go:106.50,108.3 1 1
sereni-storage-provider/internal/api/handlers/storage_handler.go:109.2,109.65 1 1
sereni-storage-provider/internal/api/handlers/storage_handler.go:116.43,118.2 1 1
sereni-storage-provider/internal/api/handlers/storage_handler.go:121.83,122.36 1 1
sereni-storage-provider/internal/api/handlers/storage_handler.go:122.36,123.26 1 1
sereni-storage-provider/internal/api/handlers/storage_handler.go:123.26,125.4 1 1
sereni-storage-provider/internal/api/handlers/storage_handler.go:126.3,128.43 3 1
sereni-storage-provider/internal/api/handlers/storage_handler.go:128.43,129.50 1 1
sereni-storage-provider/internal/api/handlers/storage_handler.go:129.50,131.5 1 1
sereni-storage-provider/internal/api/handlers/storage_handler.go:132.4,132.56 1 1
sereni-storage-provider/internal/api/handlers/storage_handler.go:132.56,134.5 1 0
sereni-storage-provider/internal/api/handlers/storage_handler.go:137.2,137.14 1 1
sereni-storage-provider/internal/api/handlers/storage_handler.go:150.51,154.22 2 1
sereni-storage-provider/internal/api/handlers/storage_handler.go:154.22,157.3 2 1
sereni-storage-provider/internal/api/handlers/storage_handler.go:159.2,160.16 2 1
sereni-storage-provider/internal/api/handlers/storage_handler.go:160.16,161.14 1 1
sereni-storage-provider/internal/api/handlers/storage_handler.go:162.32,164.10 2 1
sereni-storage-provider/internal/api/handlers/storage_handler.go:165.34,167.10 2 1
sereni-storage-provider/internal/api/handlers/storage_handler.go:168.11,170.10 2 0
sereni-storage-provider/internal/api/handlers/storage_handler.go:173.2,187.16 6 1
sereni-storage-provider/internal/api/handlers/storage_handler.go:187.17,189.3 0 0
sereni-storage-provider/internal/api/handlers/storage_handler.go:202.49,204.22 2 1
sereni-storage-provider/internal/api/handlers/storage_handler.go:204.22,207.3 2 1
sereni-storage-provider/internal/api/handlers/storage_handler.go:209.2,210.16 2 1
sereni-storage-provider/internal/api/handlers/storage_handler.go:210.16,211.14 1 1
sereni-storage-provider/internal/api/handlers/storage_handler.go:212.32,214.10 2 1
sereni-storage-provider/internal/api/handlers/storage_handler.go:215.34,217.10 2 1
sereni-storage-provider/internal/api/handlers/storage_handler.go:218.11,220.10 2 0
sereni-storage-provider/internal/api/handlers/storage_handler.go:224.2,224.70 1 1
sereni-storage-provider/internal/api/handlers/storage_handler.go:238.57,240.16 2 1
sereni-storage-provider/internal/api/handlers/storage_handler.go:240.16,243.3 2 1
sereni-storage-provider/internal/api/handlers/storage_handler.go:245.2,246.16 2 1
sereni-storage-provider/internal/api/handlers/storage_handler.go:246.16,247.14 1 1
sereni-storage-provider/internal/api/handlers/storage_handler.go:248.32,250.10 2 1
sereni-storage-provider/internal/api/handlers/storage_handler.go:251.34,253.10 2 0
sereni-storage-provider/internal/api/handlers/storage_handler.go:254.11,256.10 2 1
sereni-storage-provider/internal/api/handlers/storage_handler.go:260.2,269.33 3 1
sereni-storage-provider/internal/api/handlers/storage_handler.go:273.38,275.18 2 1
sereni-storage-provider/internal/api/handlers/storage_handler.go:275.18,277.3 1 1
sereni-storage-provider/internal/api/handlers/storage_handler.go:278.2,279.46 2 1
sereni-storage-provider/internal/api/handlers/storage_handler.go:279.46,282.3 2 1
sereni-storage-provider/internal/api/handlers/storage_handler.go:283.2,283.76 1 1
sereni-storage-provider/internal/api/middleware/middleware.go:14.34,15.30 1 1
sereni-storage-provider/internal/api/middleware/middleware.go:15.30,19.3 3 1
sereni-storage-provider/internal/api/middleware/middleware.go:32.13,34.2 1 1
sereni-storage-provider/internal/api/middleware/middleware.go:37.16,39.2 1 1
sereni-storage-provider/internal/api/middleware/middleware.go:42.71,45.6 3 1
sereni-storage-provider/internal/api/middleware/middleware.go:45.6,46.10 1 1
sereni-storage-provider/internal/api/middleware/middleware.go:47.21,48.10 1 1
sereni-storage-provider/internal/api/middleware/middleware.go:49.19,52.30 3 1
sereni-storage-provider/internal/api/middleware/middleware.go:52.30,54.30 2 1
sereni-storage-provider/internal/api/middleware/middleware.go:54.30,56.6 1 1
sereni-storage-provider/internal/api/middleware/middleware.go:57.5,57.18 1 1
sereni-storage-provider/internal/api/middleware/middleware.go:59.4,59.22 1 1
sereni-storage-provider/internal/api/middleware/middleware.go:64.37,68.9 4 1
sereni-storage-provider/internal/api/middleware/middleware.go:68.9,71.3 2 1
sereni-storage-provider/internal/api/middleware/middleware.go:72.2,72.10 1 1
sereni-storage-provider/internal/api/middleware/middleware.go:76.34,77.30 1 1
sereni-storage-provider/internal/api/middleware/middleware.go:77.30,84.20 7 1
sereni-storage-provider/internal/api/middleware/middleware.go:84.20,86.4 1 1
sereni-storage-provider/internal/api/middleware/middleware.go:87.3,88.19 2 1
sereni-storage-provider/internal/api/middleware/middleware.go:88.19,92.4 3 1
sereni-storage-provider/internal/api/middleware/middleware.go:93.3,95.11 3 1
sereni-storage-provider/internal/api/routes/routes.go:13.138,21.2 4 1
sereni-storage-provider/internal/api/routes/routes.go:21.2,25.3 3 1
sereni-storage-provider/internal/api/routes/routes.go:25.3,30.4 4 1
sereni-storage-provider/internal/config/config.go:50.35,59.45 6 1
sereni-storage-provider/internal/config/config.go:59.46,61.3 0 1
sereni-storage-provider/internal/config/config.go:64.2,91.17 23 1
sereni-storage-provider/internal/providers/storage/factory.go:14.119,15.44 1 1
sereni-storage-provider/internal/providers/storage/factory.go:16.22,17.67 1 1
sereni-storage-provider/internal/providers/storage/factory.go:19.15,20.58 1 1
sereni-storage-provider/internal/providers/storage/factory.go:22.19,23.50 1 1
sereni-storage-provider/internal/providers/storage/factory.go:25.10,26.78 1 1
sereni-storage-provider/internal/providers/storage/local/local_storage.go:23.128,24.20 1 1
sereni-storage-provider/internal/providers/storage/local/local_storage.go:24.20,26.3 1 1
sereni-storage-provider/internal/providers/storage/local/local_storage.go:29.2,29.66 1 1
sereni-storage-provider/internal/providers/storage/local/local_storage.go:29.66,31.3 1 0
sereni-storage-provider/internal/providers/storage/local/local_storage.go:32.2,33.16 2 1
sereni-storage-provider/internal/providers/storage/local/local_storage.go:33.16,35.3 1 0
sereni-storage-provider/internal/providers/storage/local/local_storage.go:38.2,46.8 2 1
sereni-storage-provider/internal/providers/storage/local/local_storage.go:49.85,52.16 2 1
sereni-storage-provider/internal/providers/storage/local/local_storage.go:52.16,54.3 1 1
sereni-storage-provider/internal/providers/storage/local/local_storage.go:57.2,58.16 2 1
sereni-storage-provider/internal/providers/storage/local/local_storage.go:58.16,59.25 1 1
sereni-storage-provider/internal/providers/storage/local/local_storage.go:59.25,61.4 1 1
sereni-storage-provider/internal/providers/storage/local/local_storage.go:62.3,62.13 1 0
sereni-storage-provider/internal/providers/storage/local/local_storage.go:65.2,65.22 1 1
sereni-storage-provider/internal/providers/storage/local/local_storage.go:65.22,67.3 1 1
sereni-storage-provider/internal/providers/storage/local/local_storage.go:69.2,69.44 1 1
sereni-storage-provider/internal/providers/storage/local/local_storage.go:69.44,71.3 1 0
sereni-storage-provider/internal/providers/storage/local/local_storage.go:72.2,72.12 1 1
sereni-storage-provider/internal/providers/storage/local/local_storage.go:75.104,77.16 2 1
sereni-storage-provider/internal/providers/storage/local/local_storage.go:77.16,79.3 1 1
sereni-storage-provider/internal/providers/storage/local/local_storage.go:80.2,81.16 2 1
sereni-storage-provider/internal/providers/storage/local/local_storage.go:81.16,82.25 1 1
sereni-storage-provider/internal/providers/storage/local/local_storage.go:82.25,84.4 1 1
sereni-storage-provider/internal/providers/storage/local/local_storage.go:85.3,85.18 1 0
sereni-storage-provider/internal/providers/storage/local/local_storage.go:87.2,87.15 1 1
sereni-storage-provider/internal/providers/storage/local/local_storage.go:90.93,92.16 2 1
sereni-storage-provider/internal/providers/storage/local/local_storage.go:92.16,94.3 1 0
sereni-storage-provider/internal/providers/storage/local/local_storage.go:95.2,96.16 2 1
sereni-storage-provider/internal/providers/storage/local/local_storage.go:96.16,98.3 1 1
sereni-storage-provider/internal/providers/storage/local/local_storage.go:99.2,99.24 1 1
sereni-storage-provider/internal/providers/storage/local/local_storage.go:99.24,101.3 1 1
sereni-storage-provider/internal/providers/storage/local/local_storage.go:102.2,102.19 1 0
sereni-storage-provider/internal/providers/storage/local/local_storage.go:105.145,107.79 1 1
sereni-storage-provider/internal/providers/storage/local/local_storage.go:107.79,109.3 1 1
sereni-storage-provider/internal/providers/storage/local/local_storage.go:111.2,112.16 2 1
sereni-storage-provider/internal/providers/storage/local/local_storage.go:112.16,114.3 1 0
sereni-storage-provider/internal/providers/storage/local/local_storage.go:117.2,117.66 1 1
sereni-storage-provider/internal/providers/storage/local/local_storage.go:117.66,119.3 1 0
sereni-storage-provider/internal/providers/storage/local/local_storage.go:121.2,122.16 2 1
sereni-storage-provider/internal/providers/storage/local/local_storage.go:122.16,124.3 1 0
sereni-storage-provider/internal/providers/storage/local/local_storage.go:125.2,128.14 2 1
sereni-storage-provider/internal/providers/storage/local/local_storage.go:128.14,130.3 1 1
sereni-storage-provider/internal/providers/storage/local/local_storage.go:130.8,132.3 1 1
sereni-storage-provider/internal/providers/storage/local/local_storage.go:134.2,134.16 1 1
sereni-storage-provider/internal/providers/storage/local/local_storage.go:134.16,136.3 1 0
sereni-storage-provider/internal/providers/storage/local/local_storage.go:138.2,138.34 1 1
sereni-storage-provider/internal/providers/storage/local/local_storage.go:141.95,147.2 2 1
sereni-storage-provider/internal/providers/storage/local/local_storage.go:149.71,151.43 1 1
sereni-storage-provider/internal/providers/storage/local/local_storage.go:151.43,153.3 1 1
sereni-storage-provider/internal/providers/storage/local/local_storage.go:154.2,154.12 1 1
sereni-storage-provider/internal/providers/storage/local/local_storage.go:159.95,161.16 2 1
sereni-storage-provider/internal/providers/storage/local/local_storage.go:161.16,163.3 1 1
sereni-storage-provider/internal/providers/storage/local/local_storage.go:165.2,166.16 2 1
sereni-storage-provider/internal/providers/storage/local/local_storage.go:166.16,167.25 1 1
sereni-storage-provider/internal/providers/storage/local/local_storage.go:167.25,169.4 1 1
sereni-storage-provider/internal/providers/storage/local/local_storage.go:170.3,170.23 1 0
sereni-storage-provider/internal/providers/storage/local/local_storage.go:173.2,173.22 1 1
sereni-storage-provider/internal/providers/storage/local/local_storage.go:173.22,175.17 2 1
sereni-storage-provider/internal/providers/storage/local/local_storage.go:175.17,177.4 1 0
sereni-storage-provider/internal/providers/storage/local/local_storage.go:178.3,178.25 1 1
sereni-storage-provider/internal/providers/storage/local/local_storage.go:181.2,181.36 1 1
sereni-storage-provider/internal/providers/storage/minio/minio_storage.go:22.98,27.16 2 1
sereni-storage-provider/internal/providers/storage/minio/minio_storage.go:27.16,29.3 1 1
sereni-storage-provider/internal/providers/storage/minio/minio_storage.go:32.2,36.16 4 1
sereni-storage-provider/internal/providers/storage/minio/minio_storage.go:36.16,38.3 1 1
sereni-storage-provider/internal/providers/storage/minio/minio_storage.go:39.2,39.13 1 1
sereni-storage-provider/internal/providers/storage/minio/minio_storage.go:39.13,44.3 1 1
sereni-storage-provider/internal/providers/storage/minio/minio_storage.go:46.2,49.8 1 0
sereni-storage-provider/internal/providers/storage/minio/minio_storage.go:52.85,54.2 1 1
sereni-storage-provider/internal/providers/storage/minio/minio_storage.go:56.104,58.16 2 1
sereni-storage-provider/internal/providers/storage/minio/minio_storage.go:58.16,60.3 1 1
sereni-storage-provider/internal/providers/storage/minio/minio_storage.go:62.2,63.16 2 0
sereni-storage-provider/internal/providers/storage/minio/minio_storage.go:63.16,65.3 1 0
sereni-storage-provider/internal/providers/storage/minio/minio_storage.go:66.2,66.17 1 0
sereni-storage-provider/internal/providers/storage/minio/minio_storage.go:69.93,71.16 2 1
sereni-storage-provider/internal/providers/storage/minio/minio_storage.go:71.16,72.53 1 1
sereni-storage-provider/internal/providers/storage/minio/minio_storage.go:72.53,74.4 1 1
sereni-storage-provider/internal/providers/storage/minio/minio_storage.go:75.3,75.20 1 1
sereni-storage-provider/internal/providers/storage/minio/minio_storage.go:77.2,77.18 1 1
sereni-storage-provider/internal/providers/storage/minio/minio_storage.go:80.145,87.16 2 1
sereni-storage-provider/internal/providers/storage/minio/minio_storage.go:87.16,89.3 1 1
sereni-storage-provider/internal/providers/storage/minio/minio_storage.go:91.2,91.34 1 1
sereni-storage-provider/internal/providers/storage/minio/minio_storage.go:94.95,98.2 2 1
sereni-storage-provider/internal/providers/storage/minio/minio_storage.go:100.71,103.16 2 1
sereni-storage-provider/internal/providers/storage/minio/minio_storage.go:103.16,105.3 1 1
sereni-storage-provider/internal/providers/storage/minio/minio_storage.go:106.2,106.13 1 1
sereni-storage-provider/internal/providers/storage/minio/minio_storage.go:106.13,108.3 1 1
sereni-storage-provider/internal/providers/storage/minio/minio_storage.go:109.2,109.12 1 1
sereni-storage-provider/internal/providers/storage/minio/minio_storage.go:115.101,118.16 2 1
sereni-storage-provider/internal/providers/storage/minio/minio_storage.go:118.16,121.3 1 1
sereni-storage-provider/internal/providers/storage/minio/minio_storage.go:124.2,124.40 1 1
sereni-storage-provider/internal/providers/storage/minio/minio_storage.go:124.40,127.3 2 1
sereni-storage-provider/internal/providers/storage/minio/minio_storage.go:130.2,130.71 1 1
sereni-storage-provider/internal/providers/storage/minio/minio_storage.go:134.100,136.53 1 1
sereni-storage-provider/internal/providers/storage/minio/minio_storage.go:136.53,138.3 1 0
sereni-storage-provider/internal/providers/storage/minio/minio_storage.go:140.2,147.64 3 1
sereni-storage-provider/internal/providers/storage/minio/minio_storage.go:147.64,148.24 1 1
sereni-storage-provider/internal/providers/storage/minio/minio_storage.go:148.24,150.4 1 0
sereni-storage-provider/internal/providers/storage/minio/minio_storage.go:151.3,151.27 1 1
sereni-storage-provider/internal/providers/storage/minio/minio_storage.go:154.2,154.23 1 1
sereni-storage-provider/internal/providers/storage/s3/s3_storage.go:27.97,40.16 4 1
sereni-storage-provider/internal/providers/storage/s3/s3_storage.go:40.16,42.3 1 0
sereni-storage-provider/internal/providers/storage/s3/s3_storage.go:44.2,44.57 1 1
sereni-storage-provider/internal/providers/storage/s3/s3_storage.go:44.57,45.23 1 1
sereni-storage-provider/internal/providers/storage/s3/s3_storage.go:45.23,47.4 1 0
sereni-storage-provider/internal/providers/storage/s3/s3_storage.go:48.3,48.25 1 1
sereni-storage-provider/internal/providers/storage/s3/s3_storage.go:48.25,50.4 1 0
sereni-storage-provider/internal/providers/storage/s3/s3_storage.go:53.2,60.8 2 1
sereni-storage-provider/internal/providers/storage/s3/s3_storage.go:63.82,69.2 2 1
sereni-storage-provider/internal/providers/storage/s3/s3_storage.go:71.101,76.16 2 1
sereni-storage-provider/internal/providers/storage/s3/s3_storage.go:76.16,78.3 1 1
sereni-storage-provider/internal/providers/storage/s3/s3_storage.go:79.2,79.22 1 1
sereni-storage-provider/internal/providers/storage/s3/s3_storage.go:82.90,87.16 2 1
sereni-storage-provider/internal/providers/storage/s3/s3_storage.go:87.16,89.3 1 1
sereni-storage-provider/internal/providers/storage/s3/s3_storage.go:90.2,90.18 1 1
sereni-storage-provider/internal/providers/storage/s3/s3_storage.go:93.142,102.16 3 1
sereni-storage-provider/internal/providers/storage/s3/s3_storage.go:102.16,104.3 1 1
sereni-storage-provider/internal/providers/storage/s3/s3_storage.go:106.2,106.34 1 1
sereni-storage-provider/internal/providers/storage/s3/s3_storage.go:109.92,110.45 1 1
sereni-storage-provider/internal/providers/storage/s3/s3_storage.go:110.45,116.17 3 1
sereni-storage-provider/internal/providers/storage/s3/s3_storage.go:116.17,119.4 1 0
sereni-storage-provider/internal/providers/storage/s3/s3_storage.go:120.3,120.22 1 1
sereni-storage-provider/internal/providers/storage/s3/s3_storage.go:123.2,123.94 1 1
sereni-storage-provider/internal/providers/storage/s3/s3_storage.go:126.68,131.16 2 1
sereni-storage-provider/internal/providers/storage/s3/s3_storage.go:131.16,133.3 1 1
sereni-storage-provider/internal/providers/storage/s3/s3_storage.go:134.2,134.12 1 1
sereni-storage-provider/internal/providers/storage/s3/s3_storage.go:140.98,146.44 2 1
sereni-storage-provider/internal/providers/storage/s3/s3_storage.go:146.44,149.3 1 1
sereni-storage-provider/internal/providers/storage/s3/s3_storage.go:152.2,152.40 1 1
sereni-storage-provider/internal/providers/storage/s3/s3_storage.go:152.40,155.3 2 1
sereni-storage-provider/internal/providers/storage/s3/s3_storage.go:158.2,158.71 1 1
sereni-storage-provider/internal/providers/storage/s3/s3_storage.go:162.97,164.53 1 1
sereni-storage-provider/internal/providers/storage/s3/s3_storage.go:164.53,166.3 1 0
sereni-storage-provider/internal/providers/storage/s3/s3_storage.go:168.2,174.31 3 1
sereni-storage-provider/internal/providers/storage/s3/s3_storage.go:174.31,176.17 2 1
sereni-storage-provider/internal/providers/storage/s3/s3_storage.go:176.17,178.4 1 0
sereni-storage-provider/internal/providers/storage/s3/s3_storage.go:180.3,180.37 1 1
sereni-storage-provider/internal/providers/storage/s3/s3_storage.go:180.37,181.23 1 1
sereni-storage-provider/internal/providers/storage/s3/s3_storage.go:181.23,183.5 1 1
sereni-storage-provider/internal/providers/storage/s3/s3_storage.go:187.2,187.23 1 1
sereni-storage-provider/internal/services/storage_service.go:18.77,22.2 1 1
sereni-storage-provider/internal/services/storage_service.go:26.40,37.14 4 1
sereni-storage-provider/internal/services/storage_service.go:37.14,39.3 1 1
sereni-storage-provider/internal/services/storage_service.go:40.2,40.32 1 1
sereni-storage-provider/internal/services/storage_service.go:40.32,42.3 1 1
sereni-storage-provider/internal/services/storage_service.go:44.2,45.10 2 1
sereni-storage-provider/internal/services/storage_service.go:53.123,55.16 2 1
sereni-storage-provider/internal/services/storage_service.go:55.16,57.3 1 0
sereni-storage-provider/internal/services/storage_service.go:58.2,62.21 4 1
sereni-storage-provider/internal/services/storage_service.go:62.21,65.3 1 1
sereni-storage-provider/internal/services/storage_service.go:67.2,67.34 1 1
sereni-storage-provider/internal/services/storage_service.go:67.34,69.3 1 1
sereni-storage-provider/internal/services/storage_service.go:71.2,72.16 2 1
sereni-storage-provider/internal/services/storage_service.go:72.16,74.3 1 1
sereni-storage-provider/internal/services/storage_service.go:76.2,79.8 1 1
sereni-storage-provider/internal/services/storage_service.go:82.91,84.2 1 1
sereni-storage-provider/internal/services/storage_service.go:86.77,88.2 1 1
sereni-storage-provider/internal/services/storage_service.go:90.85,92.2 1 1
sereni-storage-provider/internal/services/storage_service.go:94.87,96.2 1 1
sereni-storage-provider/internal/services/storage_service.go:98.65,100.2 1 1
sereni-storage-provider/internal/services/storage_service.go:103.89,105.21 2 1
sereni-storage-provider/internal/services/storage_service.go:105.21,107.3 1 1
sereni-storage-provider/internal/services/storage_service.go:108.2,108.43 1 1
sereni-storage-provider/internal/utils/file/file.go:9.64,11.16 2 1
sereni-storage-provider/internal/utils/file/file.go:11.16,12.17 1 1
sereni-storage-provider/internal/utils/file/file.go:12.17,14.4 1 1
sereni-storage-provider/internal/utils/file/file.go:15.3,15.21 1 1
sereni-storage-provider/internal/utils/file/file.go:17.2,17.24 1 1
sereni-storage-provider/internal/utils/file/file.go:17.24,19.3 1 1
sereni-storage-provider/internal/utils/file/file.go:20.2,20.12 1 0
sereni-storage-provider/internal/utils/file/file.go:26.61,31.29 3 1
sereni-storage-provider/internal/utils/file/file.go:31.29,33.3 1 1
sereni-storage-provider/internal/utils/file/file.go:36.2,37.16 2 1
sereni-storage-provider/internal/utils/file/file.go:37.16,39.3 1 0
sereni-storage-provider/internal/utils/file/file.go:42.2,42.34 1 1
sereni-storage-provider/internal/utils/file/file.go:42.34,44.3 1 1
sereni-storage-provider/internal/utils/file/file.go:45.2,45.42 1 1
sereni-storage-provider/internal/utils/file/file.go:49.51,51.79 2 1
sereni-storage-provider/internal/utils/file/file.go:51.79,52.17 1 1
sereni-storage-provider/internal/utils/file/file.go:52.17,54.4 1 1
sereni-storage-provider/internal/utils/file/file.go:55.3,55.20 1 1
sereni-storage-provider/internal/utils/file/file.go:55.20,57.4 1 1
sereni-storage-provider/internal/utils/file/file.go:58.3,58.13 1 1
sereni-storage-provider/internal/utils/file/file.go:60.2,60.18 1 1
